asset_ref,taxonomy,lon,lat,no_damage,slight,moderate,extreme,complete
a1,"Wood",-122.00000,38.11300,9.71993E-01,4.78318E-03,6.61793E-03,5.15388E-03,1.14523E-02
