annual_frequency_of_exceedence,return_period,structural
1.00000E+00,1,3.64430E+06
5.00000E-01,2,1.23645E+07
