loss_type,unit,mean,stddev
structural,USD,1.373295E+07,5.270098E+06
