asset_ref,taxonomy,lon,lat,no_damage,slight,moderate,extreme,complete
a1,"Wood",-122.00000,38.11300,9.72926E-01,5.00491E-03,6.72663E-03,5.05330E-03,1.02890E-02
