asset_ref,taxonomy,lon,lat,no_damage,slight,moderate,extreme,complete
a3,"Wood",-122.57000,38.11300,8.77925E-01,4.11076E-02,4.27084E-02,2.20104E-02,1.62482E-02
a2,"Wood",-122.11400,38.11300,1.61307E-01,9.64504E-02,1.88133E-01,1.84156E-01,3.69954E-01
a5,"Wood",-122.00000,37.91000,3.01198E-01,1.25508E-01,1.98805E-01,1.55516E-01,2.18973E-01
a4,"Wood",-122.00000,38.00000,1.22600E-01,7.02528E-02,1.46049E-01,1.61548E-01,4.99550E-01
a1,"Wood",-122.00000,38.11300,6.30138E-02,3.90968E-02,9.50851E-02,1.29994E-01,6.72810E-01
a7,"Wood",-121.88600,38.11300,1.61307E-01,9.64504E-02,1.88133E-01,1.84156E-01,3.69954E-01
