# source_model_tree_path=('b1',), gsim_tree_path=('b1',), investigation_time=1.0,imt=PGA
lon,lat,depth,poe-0.1,poe-0.12,poe-0.2
0.00000,0.00000,0.00000,5.852171E-01,5.323336E-01,2.591818E-01
