<?xml version="1.0" encoding="utf-8"?>
<nrml
xmlns="http://openquake.org/xmlns/nrml/0.5"
xmlns:gml="http://www.opengis.net/gml"
>
    <disaggMatrices
    IMT="PGA"
    distBinEdges="0.000000E+00, 2.500000E+01, 5.000000E+01, 7.500000E+01, 1.000000E+02"
    epsBinEdges="-3.000000E+00, -1.000000E+00, 1.000000E+00, 3.000000E+00"
    gsimTreePath="b1"
    investigationTime="50.0"
    lat="40.1"
    latBinEdges="3.900000E+01, 4.050000E+01"
    lon="10.1"
    lonBinEdges="9.000000E+00, 1.050000E+01, 1.200000E+01"
    magBinEdges="5.000000E+00, 6.000000E+00, 7.000000E+00, 8.000000E+00"
    sourceModelTreePath="b1"
    tectonicRegionTypes="Active Shallow Crust"
    >
        <disaggMatrix
        dims="3"
        iml="5.476919E-01"
        poE="2.000000E-02"
        type="Mag"
        >
            <prob index="0" value="8.957544E-03"/>
            <prob index="1" value="7.176953E-03"/>
            <prob index="2" value="3.304738E-03"/>
        </disaggMatrix>
        <disaggMatrix
        dims="4"
        iml="5.476919E-01"
        poE="2.000000E-02"
        type="Dist"
        >
            <prob index="0" value="1.929628E-02"/>
            <prob index="1" value="2.606306E-05"/>
            <prob index="2" value="0.000000E+00"/>
            <prob index="3" value="0.000000E+00"/>
        </disaggMatrix>
        <disaggMatrix
        dims="1"
        iml="5.476919E-01"
        poE="2.000000E-02"
        type="TRT"
        >
            <prob index="0" value="1.932184E-02"/>
        </disaggMatrix>
        <disaggMatrix
        dims="3,4"
        iml="5.476919E-01"
        poE="2.000000E-02"
        type="Mag,Dist"
        >
            <prob index="0,0" value="8.957544E-03"/>
            <prob index="0,1" value="0.000000E+00"/>
            <prob index="0,2" value="0.000000E+00"/>
            <prob index="0,3" value="0.000000E+00"/>
            <prob index="1,0" value="7.171857E-03"/>
            <prob index="1,1" value="5.132664E-06"/>
            <prob index="1,2" value="0.000000E+00"/>
            <prob index="1,3" value="0.000000E+00"/>
            <prob index="2,0" value="3.283876E-03"/>
            <prob index="2,1" value="2.093050E-05"/>
            <prob index="2,2" value="0.000000E+00"/>
            <prob index="2,3" value="0.000000E+00"/>
        </disaggMatrix>
        <disaggMatrix
        dims="3,4,3"
        iml="5.476919E-01"
        poE="2.000000E-02"
        type="Mag,Dist,Eps"
        >
            <prob index="0,0,0" value="0.000000E+00"/>
            <prob index="0,0,1" value="1.436502E-05"/>
            <prob index="0,0,2" value="8.943308E-03"/>
            <prob index="0,1,0" value="0.000000E+00"/>
            <prob index="0,1,1" value="0.000000E+00"/>
            <prob index="0,1,2" value="0.000000E+00"/>
            <prob index="0,2,0" value="0.000000E+00"/>
            <prob index="0,2,1" value="0.000000E+00"/>
            <prob index="0,2,2" value="0.000000E+00"/>
            <prob index="0,3,0" value="0.000000E+00"/>
            <prob index="0,3,1" value="0.000000E+00"/>
            <prob index="0,3,2" value="0.000000E+00"/>
            <prob index="1,0,0" value="0.000000E+00"/>
            <prob index="1,0,1" value="1.852790E-03"/>
            <prob index="1,0,2" value="5.328941E-03"/>
            <prob index="1,1,0" value="0.000000E+00"/>
            <prob index="1,1,1" value="0.000000E+00"/>
            <prob index="1,1,2" value="5.132664E-06"/>
            <prob index="1,2,0" value="0.000000E+00"/>
            <prob index="1,2,1" value="0.000000E+00"/>
            <prob index="1,2,2" value="0.000000E+00"/>
            <prob index="1,3,0" value="0.000000E+00"/>
            <prob index="1,3,1" value="0.000000E+00"/>
            <prob index="1,3,2" value="0.000000E+00"/>
            <prob index="2,0,0" value="0.000000E+00"/>
            <prob index="2,0,1" value="1.447427E-03"/>
            <prob index="2,0,2" value="1.839111E-03"/>
            <prob index="2,1,0" value="0.000000E+00"/>
            <prob index="2,1,1" value="0.000000E+00"/>
            <prob index="2,1,2" value="2.093050E-05"/>
            <prob index="2,2,0" value="0.000000E+00"/>
            <prob index="2,2,1" value="0.000000E+00"/>
            <prob index="2,2,2" value="0.000000E+00"/>
            <prob index="2,3,0" value="0.000000E+00"/>
            <prob index="2,3,1" value="0.000000E+00"/>
            <prob index="2,3,2" value="0.000000E+00"/>
        </disaggMatrix>
        <disaggMatrix
        dims="2,1"
        iml="5.476919E-01"
        poE="2.000000E-02"
        type="Lon,Lat"
        >
            <prob index="0,0" value="1.931723E-02"/>
            <prob index="1,0" value="4.704633E-06"/>
        </disaggMatrix>
        <disaggMatrix
        dims="3,2,1"
        iml="5.476919E-01"
        poE="2.000000E-02"
        type="Mag,Lon,Lat"
        >
            <prob index="0,0,0" value="8.957544E-03"/>
            <prob index="0,1,0" value="0.000000E+00"/>
            <prob index="1,0,0" value="7.172282E-03"/>
            <prob index="1,1,0" value="4.704633E-06"/>
            <prob index="2,0,0" value="3.304738E-03"/>
            <prob index="2,1,0" value="0.000000E+00"/>
        </disaggMatrix>
        <disaggMatrix
        dims="2,1,1"
        iml="5.476919E-01"
        poE="2.000000E-02"
        type="Lon,Lat,TRT"
        >
            <prob index="0,0,0" value="1.931723E-02"/>
            <prob index="1,0,0" value="4.704633E-06"/>
        </disaggMatrix>
    </disaggMatrices>
</nrml>
