2.129000E+03 -1.523619E-11 1.045348E-12 -4.350957E-09 4.365149E-09
4.600000E+02 -9.255473E-20 9.140533E-20 -7.217189E-20 7.332132E-20
7.700000E+01 -2.860854E-21 -6.467464E-20 6.816378E-20 7.440311E-33
1.500000E+01 1.047883E-21 -1.657336E-23 1.657336E-23 2.802597E-44
1.000000E+00 -2.001400E-22 1.952397E-22 4.900346E-24 3.506161E-40
