asset_ref,taxonomy,lon,lat,structural~no_damage_mean,structural~no_damage_stdv,structural~Slight_mean,structural~Slight_stdv,structural~Moderate_mean,structural~Moderate_stdv,structural~Extensive_mean,structural~Extensive_stdv,structural~Collapse_mean,structural~Collapse_stdv
ant_13_S1,"MUR/LWAL/HEX:1",-75.07679,6.90913,2.129000E+03,0.000000E+00,-1.523619E-11,3.213231E-11,1.045348E-12,2.233285E-12,-4.350957E-09,9.055499E-09,4.365149E-09,9.085393E-09
ant_13_S2,"MUR/LWAL/HEX:2",-75.07679,6.90913,4.600000E+02,0.000000E+00,-9.255473E-20,1.975477E-19,9.140533E-20,1.950939E-19,-7.217189E-20,1.535454E-19,7.332132E-20,1.559986E-19
ant_13_S3,"MUR/LWAL/HEX:3",-75.07679,6.90913,7.700000E+01,0.000000E+00,-2.860854E-21,6.129481E-21,-6.467464E-20,1.381035E-19,6.816378E-20,1.455849E-19,7.440311E-33,1.615914E-32
ant_13_S4,"MUR/LWAL/HEX:4",-75.07679,6.90913,1.500000E+01,0.000000E+00,1.047883E-21,2.820695E-21,-1.657336E-23,4.398772E-23,1.657336E-23,4.398772E-23,2.802597E-44,8.267661E-44
ant_13_S5,"MUR/LWAL/HEX:5",-75.07679,6.90913,1.000000E+00,0.000000E+00,-2.001400E-22,5.341822E-22,1.952397E-22,5.210657E-22,4.900346E-24,1.311654E-23,3.506161E-40,1.041459E-39
